C:\Vue\vuedongsan>npm install
npm WARN deprecated sourcemap-codec@1.4.8: Please use @jridgewell/sourcemap-codec instead

added 148 packages, and audited 149 packages in 16s

31 packages are looking for funding
  run `npm fund` for details

found 0 vulnerabilities

C:\Vue\vuedongsan>npm run lint

> vuedongsan@0.0.0 lint
> eslint . --ext .vue,.js,.jsx,.cjs,.mjs --fix --ignore-path .gitignore


C:\Vue\vuedongsan>npm run dev

> vuedongsan@0.0.0 dev
> vite


  VITE v3.2.4  ready in 325 ms

  ➜  Local:   http://localhost:5173/
  ➜  Network: use --host to expose
오전 9:42:45 [vite] hmr update /src/App.vue
오전 9:43:18 [vite] hmr update /src/App.vue
hmr update /src/App.vue?vue&type=style&index=0&scoped=7a7a37b1&lang.css
오전 9:43:52 [vite] hmr update /src/assets/main.css
오전 9:43:52 [vite] hmr update /src/assets/main.css (x2)
일괄 작업을 끝내시겠습니까 (Y/N)? y

C:\Vue\vuedongsan>npm run dev

> vuedongsan@0.0.0 dev
> vite


  VITE v3.2.4  ready in 285 ms

  ➜  Local:   http://localhost:5173/
  ➜  Network: use --host to expose
오전 9:44:17 [vite] Internal server error: Failed to resolve import "./assets/main.css" from "src\main.js". Does the file exist?
  Plugin: vite:import-analysis
  File: C:/Vue/vuedongsan/src/main.js:4:9
  2  |  import App from "./App.vue";
  3  |
  4  |  import "./assets/main.css";
     |          ^
  5  |
  6  |  createApp(App).mount("#app");
      at formatError (file:///C:/Vue/vuedongsan/node_modules/vite/dist/node/chunks/dep-67e7f8ab.js:39975:46)
      at TransformContext.error (file:///C:/Vue/vuedongsan/node_modules/vite/dist/node/chunks/dep-67e7f8ab.js:39971:19)
      at normalizeUrl (file:///C:/Vue/vuedongsan/node_modules/vite/dist/node/chunks/dep-67e7f8ab.js:36839:33)
      at async TransformContext.transform (file:///C:/Vue/vuedongsan/node_modules/vite/dist/node/chunks/dep-67e7f8ab.js:36972:47)
      at async Object.transform (file:///C:/Vue/vuedongsan/node_modules/vite/dist/node/chunks/dep-67e7f8ab.js:40228:30)
      at async loadAndTransform (file:///C:/Vue/vuedongsan/node_modules/vite/dist/node/chunks/dep-67e7f8ab.js:36615:29)
오전 9:44:54 [vite] page reload src/main.js
오전 9:44:54 [vite] Internal server error: Failed to resolve import "./assets/main.css" from "src\main.js". Does the file exist?
  Plugin: vite:import-analysis
  File: C:/Vue/vuedongsan/src/main.js:4:9
  2  |  import App from "./App.vue";
  3  |
  4  |  import "./assets/main.css";
     |          ^
  5  |
  6  |  createApp(App).mount("#app");
      at formatError (file:///C:/Vue/vuedongsan/node_modules/vite/dist/node/chunks/dep-67e7f8ab.js:39975:46)
      at TransformContext.error (file:///C:/Vue/vuedongsan/node_modules/vite/dist/node/chunks/dep-67e7f8ab.js:39971:19)
      at normalizeUrl (file:///C:/Vue/vuedongsan/node_modules/vite/dist/node/chunks/dep-67e7f8ab.js:36839:33)
      at async TransformContext.transform (file:///C:/Vue/vuedongsan/node_modules/vite/dist/node/chunks/dep-67e7f8ab.js:36972:47)
      at async Object.transform (file:///C:/Vue/vuedongsan/node_modules/vite/dist/node/chunks/dep-67e7f8ab.js:40228:30)
      at async loadAndTransform (file:///C:/Vue/vuedongsan/node_modules/vite/dist/node/chunks/dep-67e7f8ab.js:36615:29)
오전 9:44:56 [vite] page reload src/main.js
오전 9:45:10 [vite] hmr update /src/App.vue
일괄 작업을 끝내시겠습니까 (Y/N)? y

C:\Vue\vuedongsan>clear
'clear'은(는) 내부 또는 외부 명령, 실행할 수 있는 프로그램, 또는
배치 파일이 아닙니다.

C:\Vue\vuedongsan>mkdir backend

C:\Vue\vuedongsan>cd .\backend\

C:\Vue\vuedongsan\backend>npm init
This utility will walk you through creating a package.json file.
It only covers the most common items, and tries to guess sensible defaults.

See `npm help init` for definitive documentation on these fields
and exactly what they do.

Use `npm install <pkg>` afterwards to install a package and
save it as a dependency in the package.json file.

Press ^C at any time to quit.
package name: (backend)
version: (1.0.0)                                                                                                                                                                                            
description:                                                                                                                                                                                                
entry point: (index.js)                                                                                                                                                                                     
test command:                                                                                                                                                                                               
git repository:                                                                                                                                                                                             
keywords:                                                                                                                                                                                                   
author:                                                                                                                                                                                                     
license: (ISC)                                                                                                                                                                                              
About to write to C:\Vue\vuedongsan\backend\package.json:

{
  "name": "backend",
  "version": "1.0.0",
  "description": "",
  "main": "index.js",
  "scripts": {
    "test": "echo \"Error: no test specified\" && exit 1"
  },
  "author": "",
  "license": "ISC"
}

PS C:\vue\vuedongsan\backend> npm install express

added 57 packages, and audited 58 packages in 2s

7 packages are looking for funding
  run `npm fund` for details

found 0 vulnerabilities
PS C:\vue\vuedongsan\backend> 
C:\Vue\vuedongsan\backend>
C:\Vue\vuedongsan\backend>